python : Traceback (most recent call last):
At line:1 char:1
+ python backend/test_full_orchestrator_flow.py > backend/test_output.t ...
+ ~~~~~~~~~~~~~~~~~~~~~~~~~~~~~~~~~~~~~~~~~~~~~~~~~~~~~~~~~~~~~~~~~~~~~
    + CategoryInfo          : NotSpecified: (Traceback (most recent call last)::String) [], RemoteException
    + FullyQualifiedErrorId : NativeCommandError
 
================================================================================
TESTING FULL ORCHESTRATOR -> BROWSER AGENT FLOW
================================================================================

1. Submitting task to orchestrator...
   Thread ID: fe66b463-dcdf-40ea-804d-4159bfdc238a
   Prompt: Go to google.com and take a screenshot

2. Executing orchestration...
!!! GRAPH EXECUTION: NORMAL - Using main graph !!!
!!! ROUTE AFTER ANALYSIS: has_plan=[], planning_mode=False, needs_complex=True, plan_approved=False !!!
!!! ROUTE AFTER PLAN: planning_mode=False, plan_approved=False !!!
!!! CONTINUING TO VALIDATION !!!
!!! VALIDATION ENTRY !!!
!!! ROUTER AFTER VALIDATION: replan=None, pending=False !!!
!!! EXECUTE_BATCH: Starting execution !!!
[POLLING DEBUG] Task be684883-d51e-4550-9e3c-4bc8aacef960: live_screenshots=0, last_count=0
[POLLING DEBUG] Task be684883-d51e-4550-9e3c-4bc8aacef960: live_screenshots=0, last_count=0
[POLLING DEBUG] Task be684883-d51e-4550-9e3c-4bc8aacef960: live_screenshots=0, last_count=0
[POLLING DEBUG] Task be684883-d51e-4550-9e3c-4bc8aacef960: live_screenshots=0, last_count=0
[POLLING DEBUG] Task be684883-d51e-4550-9e3c-4bc8aacef960: live_screenshots=0, last_count=0
[POLLING DEBUG] Task be684883-d51e-4550-9e3c-4bc8aacef960: live_screenshots=1, last_count=0
[POLLING DEBUG] Task be684883-d51e-4550-9e3c-4bc8aacef960: NEW SCREENSHOTS DETECTED! 1 > 0
[POLLING DEBUG] Task be684883-d51e-4550-9e3c-4bc8aacef960: live_screenshots=2, last_count=1
[POLLING DEBUG] Task be684883-d51e-4550-9e3c-4bc8aacef960: NEW SCREENSHOTS DETECTED! 2 > 1
[POLLING DEBUG] Task be684883-d51e-4550-9e3c-4bc8aacef960: live_screenshots=3, last_count=2
[POLLING DEBUG] Task be684883-d51e-4550-9e3c-4bc8aacef960: NEW SCREENSHOTS DETECTED! 3 > 2
[POLLING DEBUG] Task be684883-d51e-4550-9e3c-4bc8aacef960: live_screenshots=4, last_count=3
[POLLING DEBUG] Task be684883-d51e-4550-9e3c-4bc8aacef960: NEW SCREENSHOTS DETECTED! 4 > 3
[POLLING DEBUG] Task be684883-d51e-4550-9e3c-4bc8aacef960: live_screenshots=4, last_count=4
[POLLING DEBUG] Task be684883-d51e-4550-9e3c-4bc8aacef960: live_screenshots=4, last_count=4
[POLLING DEBUG] Task be684883-d51e-4550-9e3c-4bc8aacef960: live_screenshots=4, last_count=4
[POLLING DEBUG] Task be684883-d51e-4550-9e3c-4bc8aacef960: live_screenshots=4, last_count=4
!!! EXECUTE_BATCH: Got 1 results !!!
!!! EXECUTE_BATCH: Task 'take website screenshots' result preview: {'success': True, 'task_summary': 'Successfully completed browser automation task: Navigate to google.com and capture a screenshot of the homepage.', 'actions_taken': [{'action': 'step_1', 'descriptio !!!
!!! EXECUTE_BATCH: Total completed tasks: 1, Latest: 1 !!!
!!! EXECUTE_BATCH: Returning output_state with latest_completed_tasks count=1 !!!
!!! EVALUATE_AGENT_RESPONSE: Starting evaluation !!!
!!! EVALUATE: State keys: ['original_prompt', 'parsed_tasks', 'user_expectations', 'messages', 'candidate_agents', 'task_agent_pairs', 'task_plan', 'completed_tasks', 'latest_completed_tasks', 'final_response', 'pending_user_input', 'question_for_user', 'user_response', 'parsing_error_feedback', 'parse_retry_count', 'uploaded_files', 'needs_complex_processing', 'analysis_reasoning', 'needs_canvas', 'has_canvas', 'planning_mode', 'approval_required', 'plan_approved', 'needs_approval'] !!!
!!! EVALUATE: latest_completed_tasks in state: True !!!
!!! EVALUATE: latest_tasks type=<class 'list'>, value=[{'task_name': 'take website screenshots', 'result': {'success': True, 'task_summary': 'Successfully completed browser automation task: Navigate to google.com and capture a screenshot of the homepage.', 'actions_taken': [{'action': 'step_1', 'description': 'Step 1', 'timestamp': None}, {'action': 'step_2', 'description': 'Step 2', 'timestamp': None}], 'browsing_trace': [{'step_number': 1, 'action': 'Unknown action', 'description': 'Step 1', 'status': 'success', 'duration': None, 'timestamp': '2025-11-02T14:02:47.180549'}, {'step_number': 2, 'action': 'Unknown action', 'description': 'Step 2', 'status': 'success', 'duration': None, 'timestamp': '2025-11-02T14:02:47.180549'}], 'extracted_data': None, 'screenshot_files': [{'file_name': 'browser_live_1762092159687_0.png', 'file_path': 'storage\\images\\browser_live_1762092159687_0.png', 'file_type': 'image'}, {'file_name': 'browser_live_1762092160995_1.png', 'file_path': 'storage\\images\\browser_live_1762092160995_1.png', 'file_type': 'image'}, {'file_name': 'browser_live_1762092162393_2.png', 'file_path': 'storage\\images\\browser_live_1762092162393_2.png', 'file_type': 'image'}, {'file_name': 'browser_live_1762092163720_3.png', 'file_path': 'storage\\images\\browser_live_1762092163720_3.png', 'file_type': 'image'}, {'file_name': 'browser_final_1762092167058.png', 'file_path': 'storage\\images\\browser_final_1762092167058.png', 'file_type': 'image'}], 'error': None, 'note': 'Vision model analyzed screenshots internally. task_summary contains visual description. Screenshot files saved for later use.'}}] !!!
!!! EVALUATE: Task='take website screenshots', Result preview={'success': True, 'task_summary': 'Successfully completed browser automation task: Navigate to google.com and capture a screenshot of the homepage.', 'actions_taken': [{'action': 'step_1', 'descriptio !!!
!!! EVALUATE: LLM evaluation status=complete !!!
!!! EVALUATE: Task passed evaluation !!!
!!! SHOULD_CONTINUE_OR_FINISH: pending_user_input=False, task_plan_length=0 !!!
!!! ROUTING TO GENERATE_FINAL_RESPONSE (plan complete) !!!

3. Orchestration completed!
  File "D:\Internship\Orbimesh\backend\test_full_orchestrator_flow.py", line 85, in <module>
    asyncio.run(test_full_flow())
  File "C:\Users\annab\AppData\Local\Programs\Python\Python311\Lib\asyncio\runners.py", line 190, in run
    return runner.run(main)
           ^^^^^^^^^^^^^^^^
  File "C:\Users\annab\AppData\Local\Programs\Python\Python311\Lib\asyncio\runners.py", line 118, in run
    return self._loop.run_until_complete(task)
           ^^^^^^^^^^^^^^^^^^^^^^^^^^^^^^^^^^^
  File "C:\Users\annab\AppData\Local\Programs\Python\Python311\Lib\asyncio\base_events.py", line 654, in 
run_until_complete
    return future.result()
           ^^^^^^^^^^^^^^^
  File "D:\Internship\Orbimesh\backend\test_full_orchestrator_flow.py", line 63, in test_full_flow
    print(f"   Final response: {final_state.get('final_response', 'N/A')[:200]}...")
  File "C:\Users\annab\AppData\Local\Programs\Python\Python311\Lib\encodings\cp1252.py", line 19, in encode
    return codecs.charmap_encode(input,self.errors,encoding_table)[0]
           ^^^^^^^^^^^^^^^^^^^^^^^^^^^^^^^^^^^^^^^^^^^^^^^^^^^^^^^
UnicodeEncodeError: 'charmap' codec can't encode character '\u2011' in position 140: character maps to 
<undefined>
