INFO:     Orchestrator logs will be saved to: logs/orchestrator_temp.log
INFO:     Mounted /storage for serving screenshot files from D:\Internship\Orbimesh\storage
INFO:     Started server process [20140]
INFO:     Waiting for application startup.
INFO:     \U0001f527 Running database migrations...
INFO:     \u2705 Database migrations applied
INFO:     \U0001f527 Ensuring database tables exist...
INFO:     \u2705 Database tables ready
INFO:     Syncing SKILL.md agent definitions to database...
INFO:     \u2705 SKILL.md agent sync completed successfully
INFO:     Starting 0 agent server(s)...
INFO:     Agent servers started. Ready for requests.
INFO:     \u2713 Agents started in background
INFO:     \u2713 Health checker started
INFO:     Initializing workflow scheduler...
INFO:     \u2713 Workflow scheduler initialized with 0 jobs loaded
INFO:     ============================================================
INFO:     APPLICATION STARTUP COMPLETED
INFO:     ============================================================
INFO:     Application startup complete.
INFO:     Uvicorn running on http://0.0.0.0:8000 (Press CTRL+C to quit)
INFO:     ('127.0.0.1', 52920) - "WebSocket /ws/chat" [accepted]
INFO:     WebSocket connection accepted from Address(host='127.0.0.1', port=52920)
INFO:     connection open
INFO:     connection closed
INFO:     ('127.0.0.1', 49934) - "WebSocket /ws/chat" [accepted]
INFO:     WebSocket connection accepted from Address(host='127.0.0.1', port=49934)
INFO:     connection open
INFO:     WebSocket received message with thread_id: 1fd8ae0b-3d11-4c94-8fcd-bb75f815538a, planning_mode: False
INFO:     Message details: has_prompt=True, has_user_response=False, prompt_value='what is the time now?', user_response_value='None'
INFO:     Owner info: owner=user_35pWcBuOLxoD0MyUaFZ0epQuTbY, type=<class 'str'>
INFO:     Received prompt for thread_id 1fd8ae0b-3d11-4c94-8fcd-bb75f815538a
INFO:     \U0001f4f8 Frontend WebSocket registered for screenshot relay: thread=1fd8ae0b-3d11-4c94-8fcd-bb75f815538a
INFO:     Starting orchestration for thread_id: 1fd8ae0b-3d11-4c94-8fcd-bb75f815538a, planning_mode: False, owner=user_35pWcBuOLxoD0MyUaFZ0epQuTbY
INFO:     \U0001f4c2 EXECUTE_ORCHESTRATION: No files received in this request
INFO:     \u2705 Task event callback registered for real-time streaming
INFO:     \u2705 Owner information provided for orchestration: user_35pWcBuOLxoD0MyUaFZ0epQuTbY
INFO:     NEW CONVERSATION BRANCH
INFO:     Starting new conversation for thread_id: 1fd8ae0b-3d11-4c94-8fcd-bb75f815538a, planning_mode: False
INFO:     Graph execution mode: NORMAL execution using main graph
INFO:     Streamed update from node 'omni_brain' (#1) for thread_id 1fd8ae0b-3d11-4c94-8fcd-bb75f815538a - Progress: 8.2%
INFO:     Streamed update from node 'omni_brain' (#2) for thread_id 1fd8ae0b-3d11-4c94-8fcd-bb75f815538a - Progress: 16.4%
INFO:     Streamed update from node 'omni_hands' (#3) for thread_id 1fd8ae0b-3d11-4c94-8fcd-bb75f815538a - Progress: 24.5%
INFO:     Streamed update from node 'omni_brain' (#4) for thread_id 1fd8ae0b-3d11-4c94-8fcd-bb75f815538a - Progress: 32.7%
INFO:     Streamed update from node 'workflow_complete' (#4) for thread_id 1fd8ae0b-3d11-4c94-8fcd-bb75f815538a - Progress: 100.0%
INFO:     \u2705 Retrieved full authoritative state from graph. Messages count: 2
INFO:     Orchestration completed for thread_id: 1fd8ae0b-3d11-4c94-8fcd-bb75f815538a
INFO:     Conversation history saved for thread_id 1fd8ae0b-3d11-4c94-8fcd-bb75f815538a with owner_id user_35pWcBuOLxoD0MyUaFZ0epQuTbY
INFO:     WebSocket stream completed successfully for thread_id 1fd8ae0b-3d11-4c94-8fcd-bb75f815538a
INFO:     connection closed
