2026-02-17 07:51:48,916 - INFO - Creating database tables...
2026-02-17 07:51:48,997 - INFO - ✅ All tables created successfully
2026-02-17 07:51:48,999 - INFO - ============================================================
2026-02-17 07:51:48,999 - INFO - UAP Skill Sync: Starting...
2026-02-17 07:51:48,999 - INFO - ============================================================
2026-02-17 07:51:49,000 - INFO - Creating database tables...
2026-02-17 07:51:49,012 - INFO - ✅ All tables created successfully
2026-02-17 07:51:49,047 - INFO - ✅ Up-to-date (SKILL.md): Spreadsheet Agent
2026-02-17 07:51:49,051 - INFO - ✅ Up-to-date (SKILL.md): Mail Agent
2026-02-17 07:51:49,055 - INFO - ✅ Up-to-date (SKILL.md): Browser Automation Agent
2026-02-17 07:51:49,057 - INFO - ✅ Up-to-date (SKILL.md): Document Agent
2026-02-17 07:51:49,061 - INFO - ✅ Up-to-date (SKILL.md): Zoho Books Agent
2026-02-17 07:51:49,061 - INFO - ============================================================
2026-02-17 07:51:49,062 - INFO - UAP Skill Sync: Complete
2026-02-17 07:51:49,062 - INFO - ============================================================
2026-02-17 07:51:49,062 - INFO - ➕ New agents added: 0
2026-02-17 07:51:49,062 - INFO - 🔄 Agents updated: 0
2026-02-17 07:51:49,062 - INFO - ✅ Agents unchanged: 5
2026-02-17 07:51:49,063 - INFO - ============================================================
2026-02-17 07:51:49,255 - INFO - Scheduler started
2026-02-17 07:51:49,256 - INFO - Workflow scheduler initialized
2026-02-17 07:51:49,261 - INFO - Loaded 0 active schedules
2026-02-17 08:04:13,112 - WARNING - ⚠️ NEWS_API_KEY environment variable not set! News tools will not work.
2026-02-17 08:04:14,699 - INFO - ToolRegistryService initialized with 12 tools.
2026-02-17 08:04:14,719 - INFO - Loaded 104 content items from registry
2026-02-17 08:04:14,720 - INFO - ContentManagementService initialized with 104 items
2026-02-17 08:04:14,720 - INFO - 🤖 Inference (Structured): Using ProviderType.CEREBRAS
2026-02-17 08:04:14,721 - INFO - ✅ Found available key: ...hv6m
2026-02-17 08:04:23,684 - INFO - HTTP Request: POST https://api.cerebras.ai/v1/chat/completions "HTTP/1.1 200 OK"
2026-02-17 08:04:23,732 - INFO - 🧠 Brain Decision: {
  "action_type": "python",
  "resource_id": null,
  "payload": {
    "code": "import datetime\nnow = datetime.datetime.now()\n# Format as a readable string\nresult = now.strftime('%Y-%m-%d %H:%M:%S %Z')\nprint(result)"
  },
  "reasoning": "The user asked for the current time. Use Python's datetime module to obtain the system's current timestamp and format it for a clear response.",
  "user_response": null,
  "memory_updates": null,
  "execution_plan": null,
  "phase_complete": false,
  "phase_goal_verified": null,
  "parallel_actions": null,
  "requires_approval": false,
  "approval_reason": null,
  "fallback_mode": false
}
2026-02-17 08:04:23,736 - INFO - 🚀 Hands: Executing python -> None
2026-02-17 08:04:23,774 - INFO - 🤖 Inference (Structured): Using ProviderType.CEREBRAS
2026-02-17 08:04:23,780 - INFO - ✅ Found available key: ...hv6m
2026-02-17 08:04:27,407 - INFO - HTTP Request: POST https://api.cerebras.ai/v1/chat/completions "HTTP/1.1 200 OK"
2026-02-17 08:04:27,438 - INFO - 🧠 Brain Decision: {
  "action_type": "finish",
  "resource_id": null,
  "payload": null,
  "reasoning": "The user asked for the current time. A previous Python execution retrieved the current timestamp as 2026-02-17 08:04:23, which satisfies the request.",
  "user_response": "The current time is 2026-02-17 08:04:23.",
  "memory_updates": null,
  "execution_plan": null,
  "phase_complete": false,
  "phase_goal_verified": null,
  "parallel_actions": null,
  "requires_approval": false,
  "approval_reason": null,
  "fallback_mode": false
}
